// Jest Snapshot v1, https://goo.gl/fbAQLP

exports[`FCard should render correctly 1`] = `
<div
  class="fcard"
/>
`;
