// Jest Snapshot v1, https://goo.gl/fbAQLP

exports[`FSteps should render correctly 1`] = `
<div
  class="fsteps"
>
  <div
    class="fsteps_cont"
  />
</div>
`;
